test_name    | twr_result | test_result 
---------------+------------+-------------
 regression_case |     0.1010 | t
 same_day       |     0.1000 | t
 simple_case    |     0.2100 | t
 single_row     |            | t
 with_flows     |     0.2500 | t
 zero_value     |            | t
(6 rows)

-- Empty set test result
 twr 
-----
     
(1 row)

-- NULL test results
ERROR:  twr amount input cannot be NULL
ERROR:  twr value input cannot be NULL
ERROR:  twr timestamp input cannot be NULL
ERROR:  twr amount input cannot be NULL
ERROR:  twr amount input cannot be NULL
ERROR:  twr value input cannot be NULL
ERROR:  twr amount input cannot be NULL
NOTICE:  All NULL tests passed successfully
